
> arch-pro@0.1.0 build
> next build

⚠ Warning: Next.js inferred your workspace root, but it may not be correct.
 We detected multiple lockfiles and selected the directory of C:\Users\StepronTech138\package-lock.json as the root directory.
 To silence this warning, set `turbopack.root` in your Next.js config, or consider removing one of the lockfiles if it's not needed.
   See https://nextjs.org/docs/app/api-reference/config/next-config-js/turbopack#root-directory for more information.
 Detected additional lockfiles: 
   * C:\Users\StepronTech138\Pictures\AcrhPro\arch-pro\package-lock.json

▲ Next.js 16.1.6 (Turbopack)
- Environments: .env

  Creating an optimized production build ...
✓ Compiled successfully in 12.6s
  Running TypeScript ...
Failed to compile.

./src/app/compare/page.tsx:79:67
Type error: Property 'category' does not exist on type '{ id: string; value: string; categoryId: string; }'. Did you mean 'categoryId'?

[0m [90m 77 |[39m
 [90m 78 |[39m     [36mconst[39m attributeCategories [33m=[39m [33mArray[39m[33m.[39m[36mfrom[39m([36mnew[39m [33mSet[39m(
[31m[1m>[22m[39m[90m 79 |[39m         plans[33m.[39mflatMap(p [33m=>[39m p[33m.[39mattributes[33m.[39mmap(a [33m=>[39m a[33m.[39mattributeValue[33m.[39mcategory[33m?[39m[33m.[39mname [33m||[39m [32m'Features'[39m))
 [90m    |[39m                                                                   [31m[1m^[22m[39m
 [90m 80 |[39m     ))[33m.[39mfilter([33mBoolean[39m)[33m;[39m [90m// Assuming category name is available, otherwise just list values[39m
 [90m 81 |[39m
 [90m 82 |[39m     [36mreturn[39m ([0m
Next.js build worker exited with code: 1 and signal: null
